2025-06-13 13:46:57,510 - INFO - Dash app initialized
2025-06-13 13:47:21,498 - INFO - Dash is running on http://127.0.0.1:8050/

2025-06-13 13:47:22,825 - INFO - Dash app initialized
2025-06-13 13:47:46,338 - INFO - Route accessed: /
2025-06-13 13:47:50,096 - INFO - Route accessed: /data-pre-processing
2025-06-13 13:48:14,662 - INFO - Route accessed: /datasets
2025-06-13 13:48:17,176 - INFO - Route accessed: /single_study_analysis
2025-06-13 13:48:22,080 - INFO - Route accessed: /multi-study-analysis
2025-06-13 13:48:26,707 - INFO - Route accessed: /plots
2025-06-13 16:20:20,625 - INFO - Dash app initialized
2025-06-13 16:20:29,217 - INFO - Dash is running on http://127.0.0.1:8050/

2025-06-13 16:20:30,412 - INFO - Dash app initialized
2025-06-13 16:20:37,186 - INFO - Route accessed: /
2025-06-13 16:20:40,265 - INFO - Route accessed: /data-pre-processing
2025-06-13 16:22:41,313 - INFO - Dash app initialized
2025-06-13 16:22:48,634 - INFO - Dash is running on http://127.0.0.1:8050/

2025-06-13 16:22:49,965 - INFO - Dash app initialized
2025-06-13 16:23:02,098 - INFO - Route accessed: /
2025-06-13 16:23:04,520 - INFO - Route accessed: /data-pre-processing
2025-06-13 16:23:07,727 - INFO - Successfully created new project 'Dummy project' at 'Projects\Dummy-project'
2025-06-13 16:23:10,191 - INFO - Studies selected for processing: ['MTBLS1866']
2025-06-13 16:23:48,372 - INFO - Updated details for study MTBLS1866 in Projects\Dummy-project
2025-06-13 16:23:48,378 - INFO - Project details file saved as Projects\Dummy-project\project_details_file.json
2025-06-13 16:23:51,866 - INFO - Dash app initialized
2025-06-13 16:24:01,959 - INFO - Route accessed: /data-pre-processing
2025-06-13 16:24:02,056 - INFO - Route accessed: /data-pre-processing
2025-06-13 16:26:03,632 - INFO - Dash app initialized
2025-06-13 16:26:08,767 - INFO - Dash is running on http://127.0.0.1:8050/

2025-06-13 16:26:09,868 - INFO - Dash app initialized
2025-06-13 16:26:16,065 - INFO - Route accessed: /
2025-06-13 16:26:18,936 - INFO - Route accessed: /data-pre-processing
2025-06-13 16:26:22,310 - INFO - Successfully created new project 'Dummy project' at 'Projects\Dummy-project'
2025-06-13 16:26:25,255 - INFO - Studies selected for processing: ['MTBLS1866']
2025-06-13 16:26:45,331 - INFO - Saved processed_MTBLS1866_knn_imputer_log_transform_standard_scaler.csv -> Projects\Dummy-project\Processed-datasets
2025-06-13 16:26:45,331 - INFO - Updated details for study MTBLS1866 in Projects\Dummy-project
2025-06-13 16:26:45,339 - INFO - Project details file saved as Projects\Dummy-project\project_details_file.json
2025-06-17 11:45:23,967 - INFO - Dash app initialized
2025-06-17 11:45:32,765 - INFO - Dash is running on http://127.0.0.1:8050/

2025-06-17 11:45:33,974 - INFO - Dash app initialized
2025-06-17 11:45:40,673 - INFO - Route accessed: /
2025-06-17 11:45:43,295 - INFO - Route accessed: /data-pre-processing
2025-06-17 11:45:48,683 - INFO - Select studies tab - Selected existing project 'Dummy project' at 'Projects\Dummy-project'
2025-06-17 11:45:52,597 - INFO - Route accessed: /plots
2025-06-17 11:46:08,232 - INFO - Route accessed: /data-pre-processing
2025-06-17 11:46:12,070 - INFO - Select studies tab - Selected existing project 'Dummy project' at 'Projects\Dummy-project'
2025-06-17 11:46:16,031 - INFO - Data exploration tab - Studies selected for processing: ['MTBLS1866']
2025-06-17 11:47:05,588 - INFO - Data exploration tab - PCA plot 'MTBLS1866 - all groups.svg' has been saved for MTBLS1866
2025-06-17 11:49:32,820 - INFO - Data exploration tab - Residuals plot 'MTBLS1866 - all groups.svg' has been saved for MTBLS1866
2025-06-17 11:49:50,068 - INFO - Data exploration tab - Box plot 'MTBLS1866 - all groups.svg' has been saved for MTBLS1866
2025-06-17 11:50:43,847 - INFO - Data exploration tab - PCA plot 'MTBLS1866 - healthy and covid-19.svg' has been saved for MTBLS1866
2025-06-17 11:50:50,555 - INFO - Data exploration tab - Residuals plot 'MTBLS1866 - healthy and covid-19.svg' has been saved for MTBLS1866
2025-06-17 11:50:56,566 - INFO - Data exploration tab - Box plot 'MTBLS1866 - healthy and covid-19.svg' has been saved for MTBLS1866
2025-06-17 11:51:02,879 - INFO - Route accessed: /plots
2025-06-17 12:00:57,717 - INFO - Dash app initialized
2025-06-17 12:01:06,183 - INFO - Dash is running on http://127.0.0.1:8050/

2025-06-17 12:01:07,384 - INFO - Dash app initialized
2025-06-17 12:01:14,154 - INFO - Route accessed: /
2025-06-17 12:01:16,348 - INFO - Route accessed: /data-pre-processing
2025-06-17 12:01:20,561 - INFO - Select studies tab - Selected existing project 'Dummy project' at 'Projects\Dummy-project'
2025-06-17 12:01:24,373 - INFO - Data exploration tab - Studies selected for processing: ['MTBLS1866']
2025-06-17 12:01:41,431 - ERROR - Data exploration tab - Error saving PCA plot 'MTBLS1866 - all groups.svg'
Traceback (most recent call last):
  File "c:\Users\Eloisa\Documents\GitHub\Metabolomic-data-analysis-app\pages\data_pre_processing_page_tabs\data_exploration.py", line 2463, in save_pca_plot
    project = project_name.replace(" ", "-")
              ^^^^^^^^^^^^^^^^^^^^
AttributeError: 'NoneType' object has no attribute 'replace'
2025-06-17 12:01:41,466 - INFO - Data exploration tab - PCA plot 'MTBLS1866 - all groups.svg' has been saved for MTBLS1866
2025-06-17 12:01:45,503 - INFO - Route accessed: /plots
2025-06-17 13:15:52,987 - INFO - Dash app initialized
2025-06-17 13:15:59,512 - INFO - Dash is running on http://127.0.0.1:8050/

2025-06-17 13:16:00,619 - INFO - Dash app initialized
2025-06-17 13:16:06,578 - INFO - Route accessed: /
2025-06-17 13:16:08,550 - INFO - Route accessed: /data-pre-processing
2025-06-17 13:16:12,259 - INFO - Select studies tab - Selected existing project 'Dummy project' at 'Projects\Dummy-project'
2025-06-17 13:16:15,083 - INFO - Data exploration tab - Studies selected for processing: ['MTBLS1866']
2025-06-17 13:16:36,593 - INFO - Data exploration tab - PCA plot 'MTBLS1866 - all groups.svg' has been saved for MTBLS1866
2025-06-17 13:16:39,275 - INFO - Route accessed: /plots
2025-06-17 13:16:46,227 - INFO - Dash app initialized
2025-06-17 13:16:52,713 - INFO - Route accessed: /plots
2025-06-17 13:18:47,109 - INFO - Dash app initialized
2025-06-17 13:18:51,663 - INFO - Dash is running on http://127.0.0.1:8050/

2025-06-17 13:18:52,659 - INFO - Dash app initialized
2025-06-17 13:18:58,344 - INFO - Route accessed: /
2025-06-17 13:18:59,970 - INFO - Route accessed: /data-pre-processing
2025-06-17 13:19:03,741 - INFO - Select studies tab - Selected existing project 'Dummy project' at 'Projects\Dummy-project'
2025-06-17 13:19:24,637 - INFO - Data exploration tab - Studies selected for processing: ['MTBLS1866']
2025-06-17 13:19:40,288 - INFO - Data exploration tab - Residuals plot 'MTBLS1866 - all groups.svg' has been saved for MTBLS1866
2025-06-17 13:19:46,344 - INFO - Data exploration tab - Box plot 'MTBLS1866 - all groups.svg' has been saved for MTBLS1866
2025-06-17 13:20:05,818 - INFO - Data exploration tab - PCA plot 'MTBLS1866 - healthy and covid-19.svg' has been saved for MTBLS1866
2025-06-17 13:20:15,201 - INFO - Data exploration tab - Residuals plot 'MTBLS1866 - healthy and covid-19.svg' has been saved for MTBLS1866
2025-06-17 13:20:23,946 - INFO - Data exploration tab - Box plot 'MTBLS1866 - healthy and covid-19.svg' has been saved for MTBLS1866
2025-06-17 13:20:26,984 - INFO - Route accessed: /plots
2025-06-17 13:20:55,265 - INFO - Route accessed: /single_study_analysis
2025-06-17 13:21:16,611 - INFO - Differential pathway tab - Successfully perform pathway analysis on: processed_MTBLS1866_knn_imputer_log_transform_standard_scaler.csv
2025-06-17 13:21:17,662 - INFO - Differential metabolite tab - Successfully produced differential metabolites summary chart and table for: processed_MTBLS1866_knn_imputer_log_transform_standard_scaler.csv
2025-06-17 13:21:52,092 - INFO - Differential pathway tab - Successfully saved chart: Projects\Dummy-project\Plots\Single-study-analysis\Differential-pathway-box-plots\MTBLS1866 top 10 pathways.svg
2025-06-17 13:22:03,238 - INFO - Differential pathway tab - Successfully saved table: Projects\Dummy-project\Plots\Single-study-analysis\Differential-pathway-table-plots\MTBLS1866 differential pathways.csv
2025-06-17 13:22:05,413 - INFO - Route accessed: /plots
2025-06-17 14:28:58,609 - INFO - Dash app initialized
2025-06-17 14:29:06,455 - INFO - Dash is running on http://127.0.0.1:8050/

2025-06-17 14:29:07,698 - INFO - Dash app initialized
2025-06-17 14:29:14,483 - INFO - Route accessed: /
2025-06-17 14:29:17,384 - INFO - Route accessed: /multi-study-analysis
2025-06-17 14:29:30,735 - INFO - Route accessed: /
2025-06-17 14:29:32,018 - INFO - Route accessed: /multi-study-analysis
2025-06-17 15:05:58,115 - INFO - Dash app initialized
2025-06-17 15:06:07,240 - INFO - Dash is running on http://127.0.0.1:8050/

2025-06-17 15:06:08,533 - INFO - Dash app initialized
2025-06-17 15:06:15,731 - INFO - Route accessed: /
2025-06-17 15:06:26,550 - INFO - Route accessed: /single_study_analysis
2025-06-17 15:06:49,061 - INFO - Differential pathway tab - Successfully perform pathway analysis on: processed_MTBLS1866_knn_imputer_log_transform_standard_scaler.csv
2025-06-17 15:06:49,064 - INFO - Differential metabolite tab - Successfully produced differential metabolites summary chart and table for: processed_MTBLS1866_knn_imputer_log_transform_standard_scaler.csv
2025-06-17 15:07:15,921 - INFO - Differential metabolite tab - Successfully produced differential metabolites summary chart and table for: processed_MTBLS2014_knn_imputer_log_transform_standard_scaler.csv
2025-06-17 15:07:24,538 - INFO - Differential metabolite tab - Successfully produced differential metabolites summary chart and table for: processed_MTBLS2224_knn_imputer_log_transform_standard_scaler.csv
2025-06-17 15:07:42,255 - INFO - Differential pathway tab - Successfully perform pathway analysis on: processed_MTBLS2224_knn_imputer_log_transform_standard_scaler.csv
2025-06-17 15:09:56,933 - INFO - Differential metabolite tab - Successfully produced differential metabolites summary chart and table for: processed_MTBLS1866_knn_imputer_log_transform_standard_scaler.csv
2025-06-17 15:10:04,309 - INFO - Differential pathway tab - Successfully perform pathway analysis on: processed_MTBLS1866_knn_imputer_log_transform_standard_scaler.csv
2025-06-17 15:11:36,342 - INFO - Route accessed: /multi-study-analysis
2025-06-17 15:16:20,259 - INFO - Dash app initialized
2025-06-17 15:19:12,180 - INFO - Route accessed: /multi-study-analysis
2025-06-17 15:25:17,819 - INFO - Network plots tab - Saving network plot to downloads folder with name: Dummy-project_pathway__Example-network-plot-differential-pathways
2025-06-17 15:26:09,866 - INFO - Route accessed: /plots
2025-06-18 11:49:50,033 - INFO - Dash app initialized
2025-06-18 11:49:58,551 - INFO - Dash is running on http://127.0.0.1:8050/

2025-06-18 11:49:59,825 - INFO - Dash app initialized
2025-06-18 11:50:08,220 - INFO - Route accessed: /
2025-06-18 11:50:15,791 - INFO - Route accessed: /data-pre-processing
2025-06-18 11:50:19,331 - INFO - Select studies tab - Selected existing project 'Dummy project' at 'Projects\Dummy-project'
2025-06-18 11:50:22,604 - INFO - Data exploration tab - Studies selected for processing: ['MTBLS1866']
2025-06-18 11:50:48,110 - INFO - Data exploration tab - Study details have been saved for MTBLS1866
2025-06-18 11:50:49,844 - INFO - Data exploration tab - Pre-processing options have been saved for MTBLS1866
2025-06-18 11:50:50,110 - INFO - Data summary tab - All selected studies have complete details — enabling Data Summary tab
2025-06-18 11:51:05,904 - INFO - Data summary tab - Saved processed_MTBLS1866_knn_imputer_log_transform_standard_scaler.csv -> Projects\Dummy-project\Processed-datasets
2025-06-18 11:51:05,907 - INFO - Data summary tab - Updated details for study MTBLS1866 in Projects\Dummy-project
2025-06-18 11:51:05,918 - INFO - Data summary tab - All studies have been pre-processed
2025-06-18 16:52:33,812 - INFO - Dash app initialized
2025-06-18 16:52:41,212 - INFO - Dash is running on http://127.0.0.1:8050/

2025-06-18 16:52:42,573 - INFO - Dash app initialized
2025-06-18 16:52:49,758 - INFO - Route accessed: /
2025-06-18 16:53:21,123 - INFO - Route accessed: /data-pre-processing
2025-06-18 16:53:25,304 - INFO - Select studies tab - Selected existing project 'Dummy project' at 'Projects\Dummy-project'
2025-06-18 16:53:29,680 - INFO - Data exploration tab - Studies selected for processing: ['MTBLS1866', 'MTBLS2014']
2025-06-18 16:53:50,119 - INFO - Data exploration tab - Study details have been saved for MTBLS1866
2025-06-18 16:53:53,772 - INFO - Data exploration tab - Pre-processing options have been saved for MTBLS1866
2025-06-18 16:54:10,128 - INFO - Data exploration tab - Study details have been saved for MTBLS2014
2025-06-18 16:54:16,462 - INFO - Data exploration tab - Pre-processing options have been saved for MTBLS2014
2025-06-18 16:54:18,499 - INFO - Data summary tab - All selected studies have complete details — enabling Data Summary tab
2025-06-18 16:54:28,507 - INFO - Data summary tab - Saved processed_MTBLS1866_knn_imputer_log_transform_standard_scaler.csv -> Projects\Dummy-project\Processed-datasets
2025-06-18 16:54:28,590 - INFO - Data summary tab - Saved processed_MTBLS2014_knn_imputer_log_transform_standard_scaler.csv -> Projects\Dummy-project\Processed-datasets
2025-06-18 16:54:28,592 - INFO - Data summary tab - Updated details for study MTBLS1866 in Projects\Dummy-project
2025-06-18 16:54:28,592 - INFO - Data summary tab - Updated details for study MTBLS2014 in Projects\Dummy-project
2025-06-18 16:54:28,598 - INFO - Data summary tab - All studies have been pre-processed
2025-06-18 16:56:32,881 - INFO - Dash app initialized
2025-06-18 16:56:50,708 - INFO - Route accessed: /data-pre-processing
2025-06-18 16:57:54,930 - INFO - Dash app initialized
2025-06-18 17:19:35,905 - INFO - Dash app initialized
2025-06-18 17:19:42,016 - INFO - Dash is running on http://127.0.0.1:8050/

2025-06-18 17:19:43,086 - INFO - Dash app initialized
2025-06-18 17:19:48,680 - INFO - Route accessed: /
2025-06-18 17:19:51,200 - INFO - Route accessed: /multi-study-analysis
2025-06-19 11:07:30,090 - INFO - Dash app initialized
2025-06-19 11:07:38,224 - INFO - Dash is running on http://127.0.0.1:8050/

2025-06-19 11:07:39,772 - INFO - Dash app initialized
2025-06-19 11:07:46,984 - INFO - Route accessed: /
2025-06-19 11:07:52,861 - INFO - Route accessed: /plots
2025-06-19 11:15:22,319 - INFO - Dash app initialized
2025-06-19 11:15:30,237 - INFO - Dash is running on http://127.0.0.1:8050/

2025-06-19 11:15:31,396 - INFO - Dash app initialized
2025-06-19 11:15:37,467 - INFO - Route accessed: /
2025-06-19 11:15:41,086 - INFO - Route accessed: /data-pre-processing
2025-06-19 11:15:46,225 - INFO - Select studies tab - Selected existing project 'Dummy project' at 'Projects\Dummy-project'
2025-06-19 11:15:49,652 - INFO - Data exploration tab - Studies selected for processing: ['MTBLS1866']
2025-06-19 11:28:36,289 - INFO - Dash app initialized
2025-06-19 11:28:59,696 - INFO - Dash is running on http://127.0.0.1:8050/

2025-06-19 11:29:01,082 - INFO - Dash app initialized
2025-06-19 11:29:18,295 - INFO - Route accessed: /
2025-06-19 11:29:28,683 - INFO - Route accessed: /data-pre-processing
2025-06-19 11:29:33,935 - INFO - Select studies tab - Selected existing project 'Dummy project' at 'Projects\Dummy-project'
2025-06-19 11:29:35,491 - INFO - Route accessed: /single_study_analysis
2025-06-19 11:29:58,626 - INFO - Differential pathway tab - Successfully perform pathway analysis on: processed_MTBLS1866_knn_imputer_log_transform_standard_scaler.csv
2025-06-19 11:29:58,639 - INFO - Differential metabolite tab - Successfully produced differential metabolites summary chart and table for: processed_MTBLS1866_knn_imputer_log_transform_standard_scaler.csv
2025-06-19 11:34:06,393 - INFO - Dash app initialized
2025-06-19 11:34:14,526 - INFO - Dash is running on http://127.0.0.1:8050/

2025-06-19 11:34:15,750 - INFO - Dash app initialized
2025-06-19 11:34:22,994 - INFO - Route accessed: /
2025-06-19 11:34:25,935 - INFO - Route accessed: /single_study_analysis
2025-06-19 11:34:42,453 - INFO - Differential pathway tab - Successfully perform pathway analysis on: processed_MTBLS1866_knn_imputer_log_transform_standard_scaler.csv
2025-06-19 11:34:42,462 - INFO - Differential metabolite tab - Successfully produced differential metabolites summary chart and table for: processed_MTBLS1866_knn_imputer_log_transform_standard_scaler.csv
2025-06-19 11:35:36,669 - INFO - Dash app initialized
2025-06-19 11:35:41,840 - INFO - Dash is running on http://127.0.0.1:8050/

2025-06-19 11:35:42,991 - INFO - Dash app initialized
2025-06-19 11:35:49,409 - INFO - Route accessed: /
2025-06-19 11:35:52,976 - INFO - Route accessed: /single_study_analysis
2025-06-19 11:36:19,130 - INFO - Differential pathway tab - Successfully perform pathway analysis on: processed_MTBLS1866_knn_imputer_log_transform_standard_scaler.csv
2025-06-19 11:36:19,140 - INFO - Differential metabolite tab - Successfully produced differential metabolites summary chart and table for: processed_MTBLS1866_knn_imputer_log_transform_standard_scaler.csv
2025-06-19 11:38:22,799 - INFO - Dash app initialized
2025-06-19 11:38:28,353 - INFO - Dash is running on http://127.0.0.1:8050/

2025-06-19 11:38:29,555 - INFO - Dash app initialized
2025-06-19 11:38:36,500 - INFO - Route accessed: /
2025-06-19 11:38:43,549 - INFO - Route accessed: /single_study_analysis
2025-06-19 11:39:02,604 - INFO - Differential pathway tab - Successfully perform pathway analysis on: processed_MTBLS1866_knn_imputer_log_transform_standard_scaler.csv
2025-06-19 11:39:02,652 - INFO - Differential metabolite tab - Successfully produced differential metabolites summary chart and table for: processed_MTBLS1866_knn_imputer_log_transform_standard_scaler.csv
2025-06-19 11:41:12,156 - INFO - Dash app initialized
2025-06-19 11:41:17,059 - INFO - Dash is running on http://127.0.0.1:8050/

2025-06-19 11:41:18,249 - INFO - Dash app initialized
2025-06-19 11:41:24,928 - INFO - Route accessed: /
2025-06-19 11:41:27,857 - INFO - Route accessed: /single_study_analysis
2025-06-19 16:05:42,616 - INFO - Dash app initialized
2025-06-19 16:05:51,305 - INFO - Dash is running on http://127.0.0.1:8050/

2025-06-19 16:05:52,615 - INFO - Dash app initialized
2025-06-19 16:05:59,810 - INFO - Route accessed: /
2025-06-19 16:06:36,139 - INFO - Route accessed: /data-pre-processing
2025-06-19 16:06:54,747 - INFO - Select studies tab - Selected existing project 'Dummy project' at 'Projects\Dummy-project'
2025-06-19 16:07:11,305 - INFO - Data exploration tab - Studies selected for processing: ['MTBLS1866']
2025-06-19 16:08:03,201 - INFO - Data exploration tab - Study details have been saved for MTBLS1866
2025-06-19 16:08:23,183 - INFO - Data exploration tab - Pre-processing options have been saved for MTBLS1866
2025-06-19 16:08:25,139 - INFO - Data summary tab - All selected studies have complete details — enabling Data Summary tab
2025-06-19 16:08:42,790 - INFO - Data summary tab - Saved processed_MTBLS1866_knn_imputer_log_transform_standard_scaler.csv -> Projects\Dummy-project\Processed-datasets
2025-06-19 16:08:42,790 - INFO - Data summary tab - Updated details for study MTBLS1866 in Projects\Dummy-project
2025-06-19 16:08:42,805 - INFO - Data summary tab - All studies have been pre-processed
2025-06-19 16:09:24,571 - INFO - Route accessed: /datasets
2025-06-19 16:09:37,434 - INFO - Route accessed: /single_study_analysis
2025-06-19 16:09:58,853 - INFO - Differential pathway tab - Successfully perform pathway analysis on: processed_MTBLS1866_knn_imputer_log_transform_standard_scaler.csv
2025-06-19 16:10:00,659 - INFO - Differential metabolite tab - Successfully produced differential metabolites summary chart and table for: processed_MTBLS1866_knn_imputer_log_transform_standard_scaler.csv
2025-06-19 16:11:12,546 - INFO - Route accessed: /multi-study-analysis
2025-06-19 16:29:20,374 - INFO - Dash app initialized
2025-06-19 16:29:28,584 - INFO - Dash is running on http://127.0.0.1:8050/

2025-06-19 16:29:29,811 - INFO - Dash app initialized
2025-06-19 16:29:36,200 - INFO - Route accessed: /
2025-06-19 16:29:52,669 - INFO - Route accessed: /data-pre-processing
2025-06-19 16:30:08,110 - INFO - Select studies tab - Selected existing project 'Dummy project' at 'Projects\Dummy-project'
2025-06-19 16:30:19,573 - INFO - Data exploration tab - Studies selected for processing: ['MTBLS1866']
2025-06-19 16:30:50,523 - INFO - Data exploration tab - Study details have been saved for MTBLS1866
2025-06-19 16:30:55,749 - INFO - Data exploration tab - Pre-processing options have been saved for MTBLS1866
2025-06-19 16:30:57,761 - INFO - Data summary tab - All selected studies have complete details — enabling Data Summary tab
2025-06-19 16:31:13,794 - INFO - Data summary tab - Saved processed_MTBLS1866_knn_imputer_log_transform_standard_scaler.csv -> Projects\Dummy-project\Processed-datasets
2025-06-19 16:31:13,794 - INFO - Data summary tab - Updated details for study MTBLS1866 in Projects\Dummy-project
2025-06-19 16:31:13,814 - INFO - Data summary tab - All studies have been pre-processed
2025-06-19 16:31:49,441 - INFO - Route accessed: /single_study_analysis
2025-06-19 16:36:46,071 - INFO - Differential pathway tab - Successfully perform pathway analysis on: processed_MTBLS1866_knn_imputer_log_transform_standard_scaler.csv
2025-06-19 16:36:47,881 - INFO - Differential metabolite tab - Successfully produced differential metabolites summary chart and table for: processed_MTBLS1866_knn_imputer_log_transform_standard_scaler.csv
2025-06-19 16:37:08,720 - INFO - Route accessed: /multi-study-analysis
2025-06-23 10:10:48,081 - INFO - Dash app initialized
2025-06-23 10:10:56,141 - INFO - Dash is running on http://127.0.0.1:8050/

2025-06-23 10:10:57,660 - INFO - Dash app initialized
2025-06-23 10:11:05,417 - INFO - Route accessed: /
2025-06-23 10:11:08,443 - INFO - Route accessed: /data-pre-processing
2025-06-23 10:11:12,018 - INFO - Select studies tab - Selected existing project 'Dummy project' at 'Projects\Dummy-project'
2025-06-23 10:12:03,591 - WARNING - Select studies tab - Study 'MTBLS1866' already exists. Prompting for overwrite.
2025-06-23 10:14:01,723 - INFO - Dash app initialized
2025-06-23 10:14:08,882 - INFO - Dash is running on http://127.0.0.1:8050/

2025-06-23 10:14:10,196 - INFO - Dash app initialized
2025-06-23 10:14:17,367 - INFO - Route accessed: /
2025-06-23 10:14:55,631 - INFO - Dash app initialized
2025-06-23 10:15:00,659 - INFO - Dash is running on http://127.0.0.1:8050/

2025-06-23 10:15:01,859 - INFO - Dash app initialized
2025-06-23 10:15:09,258 - INFO - Route accessed: /
2025-06-23 10:15:34,523 - INFO - Route accessed: /data-pre-processing
2025-06-23 10:15:38,128 - INFO - Select studies tab - Selected existing project 'Demo project' at 'Projects\Demo-project'
2025-06-23 10:16:00,064 - INFO - Route accessed: /
2025-06-23 10:16:17,798 - INFO - Route accessed: /data-pre-processing
2025-06-23 10:16:21,323 - INFO - Select studies tab - Selected existing project 'Demo project' at 'Projects\Demo-project'
2025-06-23 10:16:44,214 - INFO - Select studies tab - Saved file 's_MTBLS1866.txt' to study 'MTBLS1866'
2025-06-23 10:16:44,228 - INFO - Select studies tab - Saved file 'm_MTBLS1866_LC-MS_negative_reverse-phase_metabolite_profiling_v2_maf.tsv' to study 'MTBLS1866'
2025-06-23 10:16:44,243 - INFO - Select studies tab - Saved file 'm_MTBLS1866_GCxGC-MS_positive__metabolite_profiling_v2_maf.tsv' to study 'MTBLS1866'
2025-06-23 10:16:44,254 - INFO - Select studies tab - Saved file 'm_MTBLS1866_LC-MS_positive_reverse-phase_metabolite_profiling_v2_maf.tsv' to study 'MTBLS1866'
2025-06-23 10:16:44,265 - INFO - Select studies tab - Updated study details at 'pre-processed-datasets\MTBLS1866\study_details.txt' for study 'MTBLS1866'
2025-06-23 10:17:53,726 - INFO - Route accessed: /
2025-06-23 10:19:05,150 - INFO - Dash app initialized
2025-06-23 10:19:12,409 - INFO - Dash is running on http://127.0.0.1:8050/

2025-06-23 10:19:13,584 - INFO - Dash app initialized
2025-06-23 10:19:21,186 - INFO - Route accessed: /
2025-06-23 10:19:38,210 - INFO - Route accessed: /data-pre-processing
2025-06-23 10:19:42,217 - INFO - Select studies tab - Selected existing project 'Demo project' at 'Projects\Demo-project'
2025-06-23 10:19:53,590 - INFO - Route accessed: /
2025-06-23 10:20:15,261 - INFO - Route accessed: /data-pre-processing
2025-06-23 10:20:19,039 - INFO - Select studies tab - Selected existing project 'Demo project' at 'Projects\Demo-project'
2025-06-23 10:20:41,871 - INFO - Select studies tab - Saved file 's_MTBLS1866.txt' to study 'MTBLS1866'
2025-06-23 10:20:41,885 - INFO - Select studies tab - Saved file 'm_MTBLS1866_LC-MS_negative_reverse-phase_metabolite_profiling_v2_maf.tsv' to study 'MTBLS1866'
2025-06-23 10:20:41,900 - INFO - Select studies tab - Saved file 'm_MTBLS1866_GCxGC-MS_positive__metabolite_profiling_v2_maf.tsv' to study 'MTBLS1866'
2025-06-23 10:20:41,930 - INFO - Select studies tab - Saved file 'm_MTBLS1866_LC-MS_positive_reverse-phase_metabolite_profiling_v2_maf.tsv' to study 'MTBLS1866'
2025-06-23 10:20:41,942 - INFO - Select studies tab - Updated study details at 'pre-processed-datasets\MTBLS1866\study_details.txt' for study 'MTBLS1866'
2025-06-25 09:05:32,221 - INFO - Dash app initialized
2025-06-25 09:09:20,722 - INFO - Dash app initialized
2025-06-25 09:09:28,136 - INFO - Dash is running on http://127.0.0.1:8050/

2025-06-25 09:09:29,709 - INFO - Dash app initialized
2025-06-25 09:09:53,234 - INFO - Route accessed: /
2025-06-25 09:09:55,699 - INFO - Route accessed: /data-pre-processing
2025-06-25 09:09:59,713 - INFO - Select studies tab - Selected existing project 'Demo project' at 'Projects\Demo-project'
2025-06-25 14:28:08,903 - INFO - Dash app initialized
2025-06-25 14:28:19,570 - INFO - Dash is running on http://127.0.0.1:8050/

2025-06-25 14:28:21,211 - INFO - Dash app initialized
2025-06-25 14:28:37,661 - INFO - Route accessed: /
2025-06-25 14:28:40,545 - INFO - Route accessed: /data-pre-processing
2025-06-25 14:28:52,540 - INFO - Select studies tab - Successfully created new project 'Diabetes' at 'Projects\Diabetes'
2025-06-25 14:28:57,525 - INFO - Data exploration tab - Studies selected for processing: ['MTBLS1866']
2025-06-25 14:29:11,167 - INFO - Data exploration tab - Study details have been saved for MTBLS1866
2025-06-25 14:29:12,507 - INFO - Data exploration tab - Pre-processing options have been saved for MTBLS1866
2025-06-25 14:29:13,154 - INFO - Data summary tab - All selected studies have complete details — enabling Data Summary tab
2025-06-25 14:29:16,401 - INFO - Data summary tab - Saved processed_MTBLS1866_knn_imputer_log_transform_standard_scaler.csv -> Projects\Diabetes\Processed-datasets
2025-06-25 14:29:16,401 - INFO - Data summary tab - Added new study MTBLS1866 in Projects\Diabetes
2025-06-25 14:29:16,404 - INFO - Data summary tab - All studies have been pre-processed
2025-06-25 14:29:20,441 - INFO - Route accessed: /datasets
2025-06-25 14:29:24,816 - INFO - Route accessed: /single_study_analysis
2025-06-25 14:29:28,582 - INFO - Route accessed: /multi-study-analysis
2025-06-25 14:29:39,589 - INFO - Dash app initialized
2025-06-25 14:29:45,083 - INFO - Dash is running on http://127.0.0.1:8050/

2025-06-25 14:29:46,315 - INFO - Dash app initialized
2025-06-25 14:29:54,200 - INFO - Route accessed: /
2025-06-25 14:29:56,493 - INFO - Route accessed: /datasets
2025-06-25 14:30:00,395 - INFO - Route accessed: /single_study_analysis
2025-06-25 14:30:15,894 - INFO - Differential metabolite tab - Successfully produced differential metabolites summary chart and table for: processed_MTBLS1866_knn_imputer_log_transform_standard_scaler.csv
2025-06-25 14:30:15,896 - INFO - Differential pathway tab - Successfully perform pathway analysis on: processed_MTBLS1866_knn_imputer_log_transform_standard_scaler.csv
2025-06-25 14:30:18,616 - INFO - Route accessed: /multi-study-analysis
2025-06-25 14:30:23,088 - INFO - Route accessed: /plots
2025-06-25 14:33:07,880 - INFO - Dash app initialized
2025-06-25 14:33:13,139 - INFO - Dash is running on http://127.0.0.1:8050/

2025-06-25 14:33:14,324 - INFO - Dash app initialized
2025-06-25 14:33:24,895 - INFO - Route accessed: /
2025-06-25 14:33:27,409 - INFO - Route accessed: /data-pre-processing
2025-06-25 14:33:29,938 - INFO - Select studies tab - Selected existing project 'Diabetes' at 'Projects\Diabetes'
2025-06-25 14:33:47,626 - INFO - Select studies tab - Saved file 's_MTBLS1.txt' to study 'MTBLS1'
2025-06-25 14:33:47,634 - INFO - Select studies tab - Saved file 'm_MTBLS1_metabolite_profiling_NMR_spectroscopy_v2_maf (1).tsv' to study 'MTBLS1'
2025-06-25 14:33:47,642 - INFO - Select studies tab - Updated study details at 'pre-processed-datasets\MTBLS1\study_details.txt' for study 'MTBLS1'
2025-06-25 14:33:52,524 - INFO - Data exploration tab - Studies selected for processing: ['MTBLS1']
2025-06-25 14:34:01,237 - ERROR - Data exploration tab - No assay files found in the folder.
2025-06-25 14:34:01,237 - ERROR - Data exploration tab - Error in preprocess, not triggered by refresh button
Traceback (most recent call last):
  File "c:\Users\Eloisa\Documents\GitHub\Metabolomic-data-analysis-app\pages\data_pre_processing_page_tabs\data_exploration.py", line 1770, in produce_graphs
    if df.empty:
       ^^^^^^^^
AttributeError: 'NoneType' object has no attribute 'empty'
2025-06-25 14:37:12,156 - INFO - Dash app initialized
2025-06-25 14:37:19,255 - INFO - Dash is running on http://127.0.0.1:8050/

2025-06-25 14:37:20,613 - INFO - Dash app initialized
2025-06-25 14:37:32,009 - INFO - Route accessed: /
2025-06-25 14:37:33,446 - INFO - Route accessed: /data-pre-processing
2025-06-25 14:37:36,884 - INFO - Select studies tab - Selected existing project 'Diabetes' at 'Projects\Diabetes'
2025-06-25 14:37:54,152 - INFO - Data exploration tab - Studies selected for processing: ['MTBLS1']
2025-06-25 14:39:02,905 - INFO - Dash app initialized
2025-06-25 14:39:09,425 - INFO - Dash is running on http://127.0.0.1:8050/

2025-06-25 14:39:10,645 - INFO - Dash app initialized
2025-06-25 14:48:15,348 - INFO - Dash app initialized
2025-06-25 14:48:23,545 - INFO - Dash is running on http://127.0.0.1:8050/

2025-06-25 14:48:24,858 - INFO - Dash app initialized
2025-06-25 14:48:40,092 - INFO - Route accessed: /
2025-06-25 14:48:43,734 - INFO - Route accessed: /single_study_analysis
2025-06-25 14:48:50,739 - INFO - Route accessed: /data-pre-processing
2025-06-25 14:48:53,499 - INFO - Select studies tab - Selected existing project 'Diabetes' at 'Projects\Diabetes'
2025-06-25 14:48:55,199 - INFO - Data exploration tab - Studies selected for processing: ['MTBLS1']
2025-06-25 14:49:07,494 - INFO - Data exploration tab - Study details have been saved for MTBLS1
2025-06-25 14:49:08,714 - INFO - Data exploration tab - Pre-processing options have been saved for MTBLS1
2025-06-25 14:49:09,513 - INFO - Data summary tab - All selected studies have complete details — enabling Data Summary tab
2025-06-25 14:49:11,741 - INFO - Data summary tab - Saved processed_MTBLS1_knn_imputer_log_transform_standard_scaler.csv -> Projects\Diabetes\Processed-datasets
2025-06-25 14:49:11,747 - INFO - Data summary tab - Added new study MTBLS1 in Projects\Diabetes
2025-06-25 14:49:11,754 - INFO - Data summary tab - All studies have been pre-processed
2025-06-25 14:49:16,624 - INFO - Route accessed: /single_study_analysis
2025-06-25 14:49:29,161 - INFO - Differential pathway tab - Successfully perform pathway analysis on: processed_MTBLS1_knn_imputer_log_transform_standard_scaler.csv
2025-06-25 14:49:30,921 - INFO - Differential metabolite tab - Successfully produced differential metabolites summary chart and table for: processed_MTBLS1_knn_imputer_log_transform_standard_scaler.csv
2025-06-25 15:00:03,103 - INFO - Dash app initialized
2025-06-25 15:00:10,458 - INFO - Dash is running on http://127.0.0.1:8050/

2025-06-25 15:00:11,817 - INFO - Dash app initialized
2025-06-25 15:00:26,620 - INFO - Route accessed: /
2025-06-25 15:00:28,689 - INFO - Route accessed: /data-pre-processing
2025-06-25 15:00:32,306 - INFO - Select studies tab - Successfully created new project 'Project 1' at 'Projects\Project-1'
2025-06-25 15:00:35,248 - INFO - Route accessed: /datasets
2025-06-25 15:00:38,255 - INFO - Route accessed: /single_study_analysis
2025-06-25 15:06:18,175 - INFO - Dash app initialized
2025-06-25 15:06:26,855 - INFO - Dash is running on http://127.0.0.1:8050/

2025-06-25 15:06:28,292 - INFO - Dash app initialized
2025-06-25 15:19:37,358 - INFO - Dash app initialized
2025-06-25 15:20:07,348 - INFO - Dash app initialized
2025-06-25 15:20:13,586 - INFO - Dash is running on http://127.0.0.1:8050/

2025-06-25 15:20:14,790 - INFO - Dash app initialized
2025-06-25 15:25:34,282 - INFO - Dash app initialized
2025-06-25 15:25:42,333 - INFO - Dash is running on http://127.0.0.1:8050/

2025-06-25 15:25:43,699 - INFO - Dash app initialized
2025-06-25 15:27:27,083 - INFO - Dash app initialized
2025-06-25 15:27:32,061 - INFO - Dash is running on http://127.0.0.1:8050/

2025-06-25 15:27:33,390 - INFO - Dash app initialized
2025-06-25 15:28:33,716 - INFO - Dash app initialized
2025-06-25 15:28:38,841 - INFO - Dash is running on http://127.0.0.1:8050/

2025-06-25 15:28:40,364 - INFO - Dash app initialized
2025-06-25 15:28:49,853 - INFO - Route accessed: /
2025-06-25 15:28:51,322 - INFO - Route accessed: /data-pre-processing
2025-06-25 15:28:55,032 - INFO - Select studies tab - Successfully created new project 'Project 2' at 'Projects\Project-2'
2025-06-25 15:28:57,317 - INFO - Route accessed: /datasets
2025-06-25 15:29:55,696 - INFO - Dash app initialized
2025-06-25 15:30:00,962 - INFO - Dash is running on http://127.0.0.1:8050/

2025-06-25 15:30:02,233 - INFO - Dash app initialized
2025-06-25 15:30:10,811 - INFO - Route accessed: /
2025-06-25 15:30:12,697 - INFO - Route accessed: /data-pre-processing
2025-06-25 15:30:15,769 - INFO - Select studies tab - Successfully created new project 'Project 3' at 'Projects\Project-3'
2025-06-25 15:30:17,089 - INFO - Route accessed: /datasets
2025-06-25 15:30:28,258 - INFO - Route accessed: /single_study_analysis
2025-06-25 15:30:35,163 - INFO - Route accessed: /multi-study-analysis
2025-06-25 15:30:42,773 - INFO - Route accessed: /plots
2025-06-25 15:31:52,323 - INFO - Dash app initialized
2025-06-25 15:31:57,365 - INFO - Dash is running on http://127.0.0.1:8050/

2025-06-25 15:31:58,534 - INFO - Dash app initialized
2025-06-25 15:32:06,559 - INFO - Route accessed: /
2025-06-25 15:32:08,577 - INFO - Route accessed: /data-pre-processing
2025-06-25 15:32:12,690 - INFO - Select studies tab - Selected existing project 'Diabetes' at 'Projects\Diabetes'
2025-06-25 15:32:13,891 - INFO - Route accessed: /plots
2025-06-25 15:32:19,536 - INFO - Route accessed: /data-pre-processing
2025-06-25 15:32:22,566 - INFO - Select studies tab - Successfully created new project 'Project 4' at 'Projects\Project-4'
2025-06-25 15:32:25,029 - INFO - Route accessed: /datasets
2025-06-25 15:32:29,936 - INFO - Route accessed: /single_study_analysis
2025-06-25 15:32:33,909 - INFO - Route accessed: /multi-study-analysis
2025-06-25 15:32:38,024 - INFO - Route accessed: /plots
2025-07-16 09:54:03,114 - INFO - Dash app initialized
2025-07-16 09:54:21,550 - INFO - Dash is running on http://127.0.0.1:8050/

2025-07-16 09:54:23,031 - INFO - Dash app initialized
2025-07-16 09:54:53,917 - INFO - Route accessed: /
2025-07-16 09:54:56,234 - INFO - Route accessed: /multi-study-analysis
2025-07-22 15:01:40,295 - INFO - Dash app initialized
2025-07-22 15:01:47,776 - INFO - Dash is running on http://127.0.0.1:8050/

2025-07-22 15:01:49,185 - INFO - Dash app initialized
2025-07-22 15:02:15,776 - INFO - Route accessed: /
2025-07-22 15:02:17,994 - INFO - Route accessed: /multi-study-analysis
2025-07-23 18:56:22,850 - INFO - Dash app initialized
2025-07-23 18:56:31,128 - INFO - Dash is running on http://127.0.0.1:8050/

2025-07-23 18:56:32,337 - INFO - Dash app initialized
2025-07-23 18:56:55,289 - INFO - Route accessed: /
2025-07-23 18:57:00,393 - INFO - Route accessed: /multi-study-analysis
